                                                                                                                             Test Result for 04-susan-advisor-and-tech
        rolname         |                         administration                         | memberof_users |                        memberof_groups                        |                     member_users                      |                          member_groups                          
------------------------+----------------------------------------------------------------+----------------+---------------------------------------------------------------+-------------------------------------------------------+-----------------------------------------------------------------
 g4a_service_manager_su | of g4c_service_tech_su via g4b_service_advisor_su/superuser    |                | g4b_service_advisor_su from superuser (s,i)                  +|                                                       | 
                        |                                                                |                | g4c_service_tech_su via g4b_service_advisor_su/superuser (i)  |                                                       | 
 g4b_service_advisor_su | of g4c_service_tech_su from superuser                          |                | g4c_service_tech_su from superuser (i)                        | u4_susan_su from superuser (s)                        | g4a_service_manager_su from superuser (s,i)
 g4c_service_tech_su    | by u4_susan_su via g4b_service_advisor_su/superuser           +|                |                                                               | u4_susan_su via g4b_service_advisor_su/superuser (i*)+| g4a_service_manager_su via g4b_service_advisor_su/superuser (i)+
                        | by g4a_service_manager_su via g4b_service_advisor_su/superuser+|                |                                                               | u4_susan_su from superuser (i)                        | g4b_service_advisor_su from superuser (i)
                        | by g4b_service_advisor_su from superuser                       |                |                                                               |                                                       | 
 cr_admin               | Create Role                                                    |                |                                                               |                                                       | 
 u4_susan_su            | of g4c_service_tech_su via g4b_service_advisor_su/superuser    |                | g4b_service_advisor_su from superuser (s)                    +|                                                       | 
                        |                                                                |                | g4c_service_tech_su via g4b_service_advisor_su/superuser (i*)+|                                                       | 
                        |                                                                |                | g4c_service_tech_su from superuser (i)                        |                                                       | 
(5 rows)

