                                                                                                                             Test Result for 07-monica-the-manager-indirectly
        rolname         |                         administration                         | memberof_users |                         memberof_groups                          |                       member_users                        |                          member_groups                          
------------------------+----------------------------------------------------------------+----------------+------------------------------------------------------------------+-----------------------------------------------------------+-----------------------------------------------------------------
 g7a_service_manager_su | of g7b_service_advisor_su from superuser                       |                | g7b_service_advisor_su from superuser (s)                       +| u7_monica_su from superuser (s)                           | 
                        |                                                                |                | g7c_service_tech_su via g7b_service_advisor_su/superuser (s)     |                                                           | 
 g7b_service_advisor_su | by u7_monica_su via g7a_service_manager_su/superuser          +|                | g7c_service_tech_su from superuser (s)                           | u7_monica_su via g7a_service_manager_su/superuser (s)     | g7a_service_manager_su from superuser (s)
                        | by g7a_service_manager_su from superuser                       |                |                                                                  |                                                           | 
 g7c_service_tech_su    |                                                                |                |                                                                  | u7_monica_su via g7b_service_advisor_su/superuser (s)[+1] | g7a_service_manager_su via g7b_service_advisor_su/superuser (s)+
                        |                                                                |                |                                                                  |                                                           | g7b_service_advisor_su from superuser (s)
 cr_admin               | Create Role                                                    |                |                                                                  |                                                           | 
 u7_monica_su           | of g7b_service_advisor_su via g7a_service_manager_su/superuser |                | g7a_service_manager_su from superuser (s)                       +|                                                           | 
                        |                                                                |                | g7b_service_advisor_su via g7a_service_manager_su/superuser (s) +|                                                           | 
                        |                                                                |                | g7c_service_tech_su via g7b_service_advisor_su/superuser (s)[+1] |                                                           | 
(5 rows)

