                                                                                                                                Test Result for 08-gina-inherits-admin-privileges
         rolname         |                         administration                          | memberof_users |                           memberof_groups                            |                       member_users                       |                          member_groups                           
-------------------------+-----------------------------------------------------------------+----------------+----------------------------------------------------------------------+----------------------------------------------------------+------------------------------------------------------------------
 g8a_general_manager_su  | of g8b_fixedops_manager_su from superuser                       |                | g8b_fixedops_manager_su from superuser (i)                          +| u8_gina_su from superuser (i)                            | 
                         |                                                                 |                | g8c_service_manager_su via g8b_fixedops_manager_su/superuser (i)     |                                                          | 
 g8b_fixedops_manager_su | by u8_gina_su via g8a_general_manager_su/superuser             +|                | g8c_service_manager_su from superuser (i)                            | u8_gina_su via g8a_general_manager_su/superuser (i)      | g8a_general_manager_su from superuser (i)
                         | by g8a_general_manager_su from superuser                        |                |                                                                      |                                                          | 
 g8c_service_manager_su  |                                                                 |                |                                                                      | u8_gina_su via g8b_fixedops_manager_su/superuser (i)[+1] | g8a_general_manager_su via g8b_fixedops_manager_su/superuser (i)+
                         |                                                                 |                |                                                                      |                                                          | g8b_fixedops_manager_su from superuser (i)
 g8d_service_advisor_su  | of g8e_service_tech_su from superuser                           |                | g8e_service_tech_su from superuser (i)                               | u8_gina_su from superuser (s)                            | 
 g8e_service_tech_su     | by u8_gina_su via g8d_service_advisor_su/superuser             +|                |                                                                      | u8_gina_su via g8d_service_advisor_su/superuser (i*)     | g8d_service_advisor_su from superuser (i)
                         | by g8d_service_advisor_su from superuser                        |                |                                                                      |                                                          | 
 cr_admin                | Create Role                                                     |                |                                                                      |                                                          | 
 u8_gina_su              | of g8b_fixedops_manager_su via g8a_general_manager_su/superuser+|                | g8a_general_manager_su from superuser (i)                           +|                                                          | 
                         | of g8e_service_tech_su via g8d_service_advisor_su/superuser     |                | g8b_fixedops_manager_su via g8a_general_manager_su/superuser (i)    +|                                                          | 
                         |                                                                 |                | g8c_service_manager_su via g8b_fixedops_manager_su/superuser (i)[+1]+|                                                          | 
                         |                                                                 |                | g8d_service_advisor_su from superuser (s)                           +|                                                          | 
                         |                                                                 |                | g8e_service_tech_su via g8d_service_advisor_su/superuser (i*)        |                                                          | 
(7 rows)

